[PASS] validation: 10/10 校验通过
[PASS] render: 原页面和组件库均成功渲染
[PASS] overall: finalOverall=0.9992（dom=1，visual=0.9987），门槛=0.85
[PASS] structure: structure=1，门槛=0.7
[PASS] text: text=1，门槛=0.8
[PASS] viewport-matrix: 4/4 视口通过，worst=desktop
[PASS] scenario-viewport-matrix: 1/1 关键交互状态矩阵通过
[PASS] visual-runtime: initialViewports=4，runtimeErrors=0，stabilityFailures=0
[PASS] resource-readiness: requiredResourceFailures=0
[PASS] external-availability: requiredExternalFailures=0
[PASS] navigation-integrity: worstNavigationIntegrity=1，navigationFailures=0
[PASS] font-face-alignment: alignmentFailures=0，blockingStateMismatches=0
[PASS] selector-coverage: worstSelectorCoverage=1，门槛=1
[PASS] computed-style: worstComputedStyle=0.9983，门槛=0.98
[PASS] pixel-diff: worstPixelDiff=0.000965，门槛=0.02
[PASS] scenario-protocol: 正式场景=1，candidate=0，waiver=0
[PASS] scenarios: 1/1 正式场景通过
[PASS] coverage: verifiedCoverage=1.000，门槛=1，eligible=1，waived=0，navigation=69，noOp=68，lifecycle=0

质量门禁: PASS
real 17.34
user 24.16
sys 3.25
